00:00 +0: loading E:/My Projects/Rafiq-Al-Darb/docs/audits/evidence/2026-10-09/book_download_card_audit_test.dart
00:00 +0: (setUpAll)
[90m[🌎 Easy Localization] [DEBUG] Localization initialized[0m
00:00 +0: audit: active direct book transfer still offers another download
[90m[🌎 Easy Localization] [DEBUG] Start[0m
[90m[🌎 Easy Localization] [DEBUG] Init state[0m
[32m[🌎 Easy Localization] [INFO] Start locale loaded en[0m
[90m[🌎 Easy Localization] [DEBUG] Build[0m
[90m[🌎 Easy Localization] [DEBUG] Init Localization Delegate[0m
[90m[🌎 Easy Localization] [DEBUG] Init provider[0m
[90m[🌎 Easy Localization] [DEBUG] Load Localization Delegate[0m
[90m[🌎 Easy Localization] [DEBUG] Build[0m
[90m[🌎 Easy Localization] [DEBUG] Init Localization Delegate[0m
[90m[🌎 Easy Localization] [DEBUG] Init provider[0m
[34m[🌎 Easy Localization] [WARNING] Localization key [common.script] not found[0m
[34m[🌎 Easy Localization] [WARNING] Localization key [common.script] not found[0m
[34m[🌎 Easy Localization] [WARNING] Localization key [library.cat_adab] not found[0m
[34m[🌎 Easy Localization] [WARNING] Localization key [library.book_desc_generated] not found[0m
[34m[🌎 Easy Localization] [WARNING] Localization key [common.script] not found[0m
[34m[🌎 Easy Localization] [WARNING] Localization key [library.died_ah] not found[0m
AUDIT_BOOK_DOWNLOAD_CARD: direct progress=0.5; progress hidden; cancel absent; enabled Download accepted duplicate callback
00:01 +1: (tearDownAll)
00:01 +1: All tests passed!
