COMMAND: flutter pub outdated
START: 2026-10-09T20:36:12.3688471+04:00
CWD: E:\My Projects\Rafiq-Al-Darb\rafeeq_app
Showing outdated packages.
[*] indicates versions that are not the latest available.

Package Name                             Current              Upgradable           Resolvable           Latest    

direct dependencies:                    
archive                                  *4.2.0               4.3.0                4.3.0                4.3.0     
background_downloader                    *9.5.9 (overridden)  *9.5.9 (overridden)  *9.5.9 (overridden)  9.6.4     
cached_network_image                     *3.4.1               *3.4.1               *3.4.1               4.0.4     
connectivity_plus                        *7.3.1               *7.3.1               *7.3.1               7.3.2     
cupertino_icons                          *1.0.9               *1.0.9               *1.0.9               2.0.0     
dio                                      *5.11.0              5.11.1               5.11.1               5.11.1    
file_picker                              *11.0.3              *11.0.3              13.1.0               13.1.0    
flutter_native_splash                    *2.4.7               *2.4.7               *2.4.7               2.4.8     
flutter_riverpod                         *2.6.1               *2.6.1               *3.3.2               3.4.3     
flutter_timezone                         *3.0.1               *3.0.1               5.1.1                5.1.1     
geocoding                                *3.0.0               *3.0.0               5.0.0                5.0.0     
geolocator                               *13.0.4              *13.0.4              14.1.1               14.1.1    
google_fonts                             *6.3.3               *6.3.3               *8.2.1               9.0.0     
google_sign_in                           *6.2.1               *6.2.1               7.2.0                7.2.0     
intl                                     *0.20.2              *0.20.2              *0.20.2              0.20.3    
package_info_plus                        *9.0.1               *9.0.1               10.2.2               10.2.2    
permission_handler                       *12.0.3              *12.0.3              13.0.2               13.0.2    
record                                   *6.2.1               *6.2.1               *6.2.1               7.1.2     
share_plus                               *12.0.2              *12.0.2              13.3.1               13.3.1    
shared_preferences                       *2.5.5               *2.5.5               *2.5.5               2.5.6     
sqflite                                  *2.4.2+1             *2.4.2+1             *2.4.2+1             2.4.4+1   
url_launcher                             *6.3.2               *6.3.2               *6.3.2               6.3.3     
vibration                                *3.1.8               *3.1.8               *3.1.8               3.2.1     
video_player                             *2.11.1              *2.11.1              *2.11.1              2.14.1    
wakelock_plus                            *1.5.2               *1.5.2               *1.6.1               1.8.1     

dev_dependencies:                       
sqflite_common_ffi                       *2.4.0+3             *2.4.0+3             *2.4.0+3             2.4.3     
sqlite3                                  *3.5.2               *3.5.2               *3.5.2               3.7.0     

transitive dependencies:                
_fe_analyzer_shared                      -                    -                    *91.0.0              109.0.0   
analyzer                                 -                    -                    *8.4.1               14.5.0    
android_file_picker                      -                    -                    2.0.1                2.0.1     
cached_network_image_platform_interface  *4.1.1               *4.1.1               *4.1.1               5.0.3     
cached_network_image_web                 *1.3.1               *1.3.1               *1.3.1               2.0.3     
characters                               *1.4.0               *1.4.0               *1.4.0               1.4.1     
cli_config                               -                    -                    0.2.0                0.2.0     
clock                                    *1.1.2               *1.1.2               *1.1.2               1.1.3     
code_assets                              *1.2.1               *1.2.1               *1.2.1               2.1.0     
convert                                  -                    -                    3.1.2                3.1.2     
coverage                                 -                    -                    1.15.1               1.15.1    
cross_file                               *0.3.5+5             *0.3.5+5             *0.3.5+5             0.4.0     
dbus                                     *0.7.15              *0.7.15              *0.7.15              0.8.0     
device_info_plus                         *12.4.0              *12.4.0              13.3.0               13.3.0    
device_info_plus_platform_interface      *7.0.3               *7.0.3               8.1.0                8.1.0     
dio_web_adapter                          *2.2.1               2.2.2                2.2.2                2.2.2     
equatable                                -                    -                    3.0.0                3.0.0     
ffi_leak_tracker                         -                    -                    0.1.2                0.1.2     
file_picker_darwin                       -                    -                    2.1.3                2.1.3     
file_picker_linux                        -                    -                    *2.0.0               2.0.2     
file_picker_platform_interface           -                    -                    4.0.0                4.0.0     
file_picker_web                          -                    -                    4.1.0                4.1.0     
flutter_cache_manager                    *3.4.2               3.4.5                3.4.5                3.4.5     
frontend_server_client                   -                    -                    4.1.0                4.1.0     
geoclue                                  -                    -                    0.1.1                0.1.1     
geocoding_android                        *3.3.1               *3.3.1               *5.0.2               5.1.0     
geocoding_darwin                         -                    -                    1.0.3                1.0.3     
geocoding_platform_interface             *3.2.0               *3.2.0               5.0.0                5.0.0     
geolocator_android                       *4.6.2               *4.6.2               5.1.1+1              5.1.1+1   
geolocator_linux                         -                    -                    0.2.6                0.2.6     
geolocator_platform_interface            *4.3.0               4.4.0                4.4.0                4.4.0     
google_sign_in_android                   *6.2.1               *6.2.1               *7.2.11              7.2.17    
google_sign_in_ios                       *5.9.0               *5.9.0               *6.3.5               6.3.6     
google_sign_in_platform_interface        *2.5.0               *2.5.0               3.1.0                3.1.0     
google_sign_in_web                       *0.12.4+4            *0.12.4+4            1.1.3                1.1.3     
gsettings                                -                    -                    *0.2.8               0.2.9     
hooks                                    *2.0.2               *2.0.2               *2.0.2               2.2.0     
http_multi_server                        -                    -                    3.2.2                3.2.2     
io                                       -                    -                    1.1.0                1.1.0     
jni                                      *1.0.3               1.1.0                1.1.0                1.1.0     
jni_flutter                              *1.0.2               1.0.4+1              1.0.4+1              1.0.4+1   
matcher                                  *0.12.17             *0.12.17             *0.12.17             0.12.20   
material_color_utilities                 *0.11.1              *0.11.1              *0.11.1              0.13.1    
meta                                     *1.17.0              *1.17.0              *1.17.0              1.19.0    
mime                                     *2.0.0               2.1.0                2.1.0                2.1.0     
nm                                       *0.5.0               *0.5.0               *0.5.0               0.6.0     
node_preamble                            -                    -                    2.0.2                2.0.2     
objective_c                              *9.5.0               *9.5.0               *9.5.0               9.6.2     
octo_image                               *2.1.0               2.1.2                2.1.2                2.1.2     
package_config                           *2.2.0               *2.2.0               *2.2.0               3.0.0     
package_info_plus_platform_interface     *3.2.1               *3.2.1               4.1.0                4.1.0     
permission_handler_android               *13.0.1              *13.0.1              14.1.0               14.1.0    
permission_handler_apple                 *9.6.1               9.6.2                9.6.2                9.6.2     
permission_handler_platform_interface    *4.4.0               4.4.1                4.4.1                4.4.1     
petitparser                              *7.0.2               *7.0.2               *7.0.2               7.1.0     
platform                                 *3.1.6               *3.1.6               *3.1.6               3.2.0     
pool                                     -                    -                    1.5.3                1.5.3     
pub_semver                               *2.2.0               2.2.1                2.2.1                2.2.1     
record_android                           *1.5.2               *1.5.2               *1.5.2               2.2.0     
record_ios                               *1.2.1               *1.2.1               *1.2.1               2.1.1     
record_linux                             *1.3.1               *1.3.1               *1.3.1               2.1.3     
record_macos                             *1.2.2               *1.2.2               *1.2.2               2.1.1     
record_platform_interface                *1.6.0               *1.6.0               *1.6.0               2.1.0     
record_use                               *0.6.0               *0.6.0               *0.6.0               1.1.1     
record_web                               *1.3.0               *1.3.0               *1.3.0               2.1.3     
record_windows                           *1.0.7               *1.0.7               *1.0.7               2.3.0     
riverpod                                 *2.6.1               *2.6.1               *3.3.2               3.4.3     
share_plus_platform_interface            *6.1.0               *6.1.0               7.2.0                7.2.0     
shared_preferences_android               *2.4.23              *2.4.23              *2.4.23              2.4.28    
shelf                                    -                    -                    1.4.2                1.4.2     
shelf_packages_handler                   -                    -                    3.0.2                3.0.2     
shelf_static                             -                    -                    1.1.3                1.1.3     
shelf_web_socket                         -                    -                    3.0.0                3.0.0     
source_map_stack_trace                   -                    -                    2.1.2                2.1.2     
source_maps                              -                    -                    0.10.14              0.10.14   
sqflite_android                          *2.4.2+3             *2.4.2+3             *2.4.2+3             2.4.4     
sqflite_common                           *2.5.8               *2.5.8               *2.5.8               2.5.13+1  
sqflite_darwin                           *2.4.2               *2.4.2               *2.4.2               2.4.4     
sqflite_platform_interface               *2.4.0               *2.4.0               *2.4.0               2.4.2     
stack_trace                              *1.12.1              *1.12.1              *1.12.1              1.12.2    
synchronized                             *3.4.0               *3.4.0               *3.4.0               3.4.2     
test                                     -                    -                    *1.26.3              1.33.0    
test_api                                 *0.7.7               *0.7.7               *0.7.7               0.7.15    
test_core                                -                    -                    *0.6.12              0.6.21    
url_launcher_android                     *6.3.30              *6.3.30              *6.3.30              6.3.33    
vector_math                              *2.2.0               *2.2.0               *2.2.0               2.4.3     
video_player_android                     *2.9.5               *2.9.5               *2.9.5               2.12.2    
video_player_avfoundation                *2.11.1              *2.12.0              *2.12.0              2.12.1    
wakelock_plus_platform_interface         *1.5.1               *1.5.1               *1.5.1               1.7.0     
watcher                                  -                    -                    1.2.1                1.2.1     
web_socket                               -                    -                    1.0.1                1.0.1     
web_socket_channel                       -                    -                    3.0.3                3.0.3     
webkit_inspection_protocol               -                    -                    1.2.1                1.2.1     
win32                                    *5.15.0              *5.15.0              6.4.0                6.4.0     
win32_registry                           *2.1.0               *2.1.0               3.0.3                3.0.3     
windows_file_picker                      -                    -                    2.0.1                2.0.1     
xml                                      *6.6.1               *6.6.1               *6.6.1               7.1.0     
yaml                                     *3.1.3               3.1.4                3.1.4                3.1.4     

transitive dev_dependencies:            
cli_util                                 *0.4.2               *0.4.2               *0.4.2               0.6.0     
native_toolchain_c                       *0.19.2              *0.19.2              *0.19.2              0.19.5    

14 upgradable dependencies are locked (in pubspec.lock) to older versions.
To update these dependencies, use `flutter pub upgrade`.

26  dependencies are constrained to versions that are older than a resolvable version.
To update these dependencies, edit pubspec.yaml, or run `flutter pub upgrade --major-versions`.
EXIT: 0
SECONDS: 7.5648385
END: 2026-10-09T20:36:19.9338483+04:00
