COMMAND: flutter pub get
START: 2026-10-09T20:33:44.4159232+04:00
CWD: E:\My Projects\Rafiq-Al-Darb\rafeeq_app
Resolving dependencies...
Downloading packages...
  archive 4.2.0 (4.3.0 available)
! background_downloader 9.5.9 from path third_party\background_downloader (overridden)
  cached_network_image 3.4.1 (4.0.4 available)
  cached_network_image_platform_interface 4.1.1 (5.0.3 available)
  cached_network_image_web 1.3.1 (2.0.3 available)
  characters 1.4.0 (1.4.1 available)
  cli_util 0.4.2 (0.6.0 available)
  clock 1.1.2 (1.1.3 available)
  code_assets 1.2.1 (2.1.0 available)
  connectivity_plus 7.3.1 (7.3.2 available)
  cross_file 0.3.5+5 (0.4.0 available)
  cupertino_icons 1.0.9 (2.0.0 available)
  dbus 0.7.15 (0.8.0 available)
  device_info_plus 12.4.0 (13.3.0 available)
  device_info_plus_platform_interface 7.0.3 (8.1.0 available)
  dio 5.11.0 (5.11.1 available)
  dio_web_adapter 2.2.1 (2.2.2 available)
  file_picker 11.0.3 (13.1.0 available)
  flutter_cache_manager 3.4.2 (3.4.5 available)
  flutter_native_splash 2.4.7 (2.4.8 available)
  flutter_riverpod 2.6.1 (3.4.3 available)
  flutter_timezone 3.0.1 (5.1.1 available)
  geocoding 3.0.0 (5.0.0 available)
  geocoding_android 3.3.1 (5.1.0 available)
  geocoding_platform_interface 3.2.0 (5.0.0 available)
  geolocator 13.0.4 (14.1.1 available)
  geolocator_android 4.6.2 (5.1.1+1 available)
  geolocator_platform_interface 4.3.0 (4.4.0 available)
  google_fonts 6.3.3 (9.0.0 available)
  google_sign_in 6.2.1 (7.2.0 available)
  google_sign_in_android 6.2.1 (7.2.17 available)
  google_sign_in_ios 5.9.0 (6.3.6 available)
  google_sign_in_platform_interface 2.5.0 (3.1.0 available)
  google_sign_in_web 0.12.4+4 (1.1.3 available)
  hooks 2.0.2 (2.2.0 available)
  intl 0.20.2 (0.20.3 available)
  jni 1.0.3 (1.1.0 available)
  jni_flutter 1.0.2 (1.0.4+1 available)
  matcher 0.12.17 (0.12.20 available)
  material_color_utilities 0.11.1 (0.13.1 available)
  meta 1.17.0 (1.19.0 available)
  mime 2.0.0 (2.1.0 available)
  native_toolchain_c 0.19.2 (0.19.5 available)
  nm 0.5.0 (0.6.0 available)
  objective_c 9.5.0 (9.6.2 available)
  octo_image 2.1.0 (2.1.2 available)
  package_config 2.2.0 (3.0.0 available)
  package_info_plus 9.0.1 (10.2.2 available)
  package_info_plus_platform_interface 3.2.1 (4.1.0 available)
  permission_handler 12.0.3 (13.0.2 available)
  permission_handler_android 13.0.1 (14.1.0 available)
  permission_handler_apple 9.6.1 (9.6.2 available)
  permission_handler_platform_interface 4.4.0 (4.4.1 available)
  petitparser 7.0.2 (7.1.0 available)
  platform 3.1.6 (3.2.0 available)
  pub_semver 2.2.0 (2.2.1 available)
  record 6.2.1 (7.1.2 available)
  record_android 1.5.2 (2.2.0 available)
  record_ios 1.2.1 (2.1.1 available)
  record_linux 1.3.1 (2.1.3 available)
  record_macos 1.2.2 (2.1.1 available)
  record_platform_interface 1.6.0 (2.1.0 available)
  record_use 0.6.0 (1.1.1 available)
  record_web 1.3.0 (2.1.3 available)
  record_windows 1.0.7 (2.3.0 available)
  riverpod 2.6.1 (3.4.3 available)
  share_plus 12.0.2 (13.3.1 available)
  share_plus_platform_interface 6.1.0 (7.2.0 available)
  shared_preferences 2.5.5 (2.5.6 available)
  shared_preferences_android 2.4.23 (2.4.28 available)
  sqflite 2.4.2+1 (2.4.4+1 available)
  sqflite_android 2.4.2+3 (2.4.4 available)
  sqflite_common 2.5.8 (2.5.13+1 available)
  sqflite_common_ffi 2.4.0+3 (2.4.3 available)
  sqflite_darwin 2.4.2 (2.4.4 available)
  sqflite_platform_interface 2.4.0 (2.4.2 available)
  sqlite3 3.5.2 (3.7.0 available)
  stack_trace 1.12.1 (1.12.2 available)
  synchronized 3.4.0 (3.4.2 available)
  test_api 0.7.7 (0.7.15 available)
  url_launcher 6.3.2 (6.3.3 available)
  url_launcher_android 6.3.30 (6.3.33 available)
  vector_math 2.2.0 (2.4.3 available)
  vibration 3.1.8 (3.2.1 available)
  video_player 2.11.1 (2.14.1 available)
  video_player_android 2.9.5 (2.12.2 available)
  video_player_avfoundation 2.11.1 (2.12.1 available)
  wakelock_plus 1.5.2 (1.8.1 available)
  wakelock_plus_platform_interface 1.5.1 (1.7.0 available)
  win32 5.15.0 (6.4.0 available)
  win32_registry 2.1.0 (3.0.3 available)
  xml 6.6.1 (7.1.0 available)
  yaml 3.1.3 (3.1.4 available)
Got dependencies!
92 packages have newer versions incompatible with dependency constraints.
Try `flutter pub outdated` for more information.
EXIT: 0
SECONDS: 10.0622616
END: 2026-10-09T20:33:54.4785543+04:00
