00:00 +0: loading E:/My Projects/Rafiq-Al-Darb/docs/audits/evidence/2026-10-09/kids_video_disposal_audit_test.dart
00:00 +0: (setUpAll)
[90m[🌎 Easy Localization] [DEBUG] Localization initialized[0m
00:00 +0: audit: delayed story play completes after screen disposal
[90m[🌎 Easy Localization] [DEBUG] Start[0m
[90m[🌎 Easy Localization] [DEBUG] Init state[0m
[32m[🌎 Easy Localization] [INFO] Start locale loaded en[0m
[90m[🌎 Easy Localization] [DEBUG] Build[0m
[90m[🌎 Easy Localization] [DEBUG] Init Localization Delegate[0m
[90m[🌎 Easy Localization] [DEBUG] Init provider[0m
[90m[🌎 Easy Localization] [DEBUG] Load Localization Delegate[0m
[90m[🌎 Easy Localization] [DEBUG] Build[0m
[90m[🌎 Easy Localization] [DEBUG] Init Localization Delegate[0m
[90m[🌎 Easy Localization] [DEBUG] Init provider[0m
AUDIT_KIDS_VIDEO_DISPOSAL: pending play completed after close; wakelock=[false, true]; player disposed=false; error=setState() called after dispose(): _KidsStoryPlayerScreenState#3d71d(lifecycle state: defunct, not mounted)
This error happens if you call setState() on a State object for a widget that no longer appears in the widget tree (e.g., whose parent widget no longer includes the widget in its build). This error can occur when code calls setState() from a timer or an animation callback.
The preferred solution is to cancel the timer or stop listening to the animation in the dispose() callback. Another solution is to check the "mounted" property of this object before calling setState() to ensure the object is still in the tree.
This error might indicate a memory leak if setState() is being called because another object is retaining a reference to this State object after it has been removed from the tree. To avoid memory leaks, consider breaking the reference to this object during dispose().
00:01 +1: (tearDownAll)
00:01 +1: All tests passed!
