COMMAND: npm audit --json
START: 2026-10-09T20:34:03.4051075+04:00
CWD: E:\My Projects\Rafiq-Al-Darb\sync_backend
{
  "auditReportVersion": 2,
  "vulnerabilities": {
    "@fastify/busboy": {
      "name": "@fastify/busboy",
      "severity": "high",
      "isDirect": false,
      "via": [
        {
          "source": 1240982,
          "name": "@fastify/busboy",
          "dependency": "@fastify/busboy",
          "title": "@fastify/busboy vulnerable to Denial of Service via prototype-named multipart part header",
          "url": "https://github.com/advisories/GHSA-x8mw-p69m-v3mx",
          "severity": "high",
          "cwe": [
            "CWE-754"
          ],
          "cvss": {
            "score": 7.5,
            "vectorString": "CVSS:3.1/AV:N/AC:L/PR:N/UI:N/S:U/C:N/I:N/A:H"
          },
          "range": ">=1.0.0 <3.2.1"
        },
        {
          "source": 1241276,
          "name": "@fastify/busboy",
          "dependency": "@fastify/busboy",
          "title": "@fastify/busboy vulnerable to CRLF injection via multipart Content-Disposition filename and name",
          "url": "https://github.com/advisories/GHSA-gxm5-99cw-xjw9",
          "severity": "moderate",
          "cwe": [
            "CWE-93"
          ],
          "cvss": {
            "score": 5.8,
            "vectorString": "CVSS:3.1/AV:N/AC:L/PR:N/UI:N/S:C/C:N/I:L/A:N"
          },
          "range": "<3.2.2"
        }
      ],
      "effects": [
        "undici"
      ],
      "range": "<=3.2.1",
      "nodes": [
        "node_modules/@fastify/busboy"
      ],
      "fixAvailable": {
        "name": "wrangler",
        "version": "4.149.0",
        "isSemVerMajor": true
      }
    },
    "esbuild": {
      "name": "esbuild",
      "severity": "moderate",
      "isDirect": false,
      "via": [
        {
          "source": 1102341,
          "name": "esbuild",
          "dependency": "esbuild",
          "title": "esbuild enables any website to send any requests to the development server and read the response",
          "url": "https://github.com/advisories/GHSA-67mh-4wv8-2f99",
          "severity": "moderate",
          "cwe": [
            "CWE-346"
          ],
          "cvss": {
            "score": 5.3,
            "vectorString": "CVSS:3.1/AV:N/AC:H/PR:N/UI:R/S:U/C:H/I:N/A:N"
          },
          "range": "<=0.24.2"
        }
      ],
      "effects": [
        "wrangler"
      ],
      "range": "<=0.24.2",
      "nodes": [
        "node_modules/esbuild"
      ],
      "fixAvailable": {
        "name": "wrangler",
        "version": "4.149.0",
        "isSemVerMajor": true
      }
    },
    "miniflare": {
      "name": "miniflare",
      "severity": "moderate",
      "isDirect": false,
      "via": [
        "undici",
        "ws"
      ],
      "effects": [
        "wrangler"
      ],
      "range": "<=0.0.0-fff677e35 || 0.20230628.0 - 0.20230908.0 || 2.0.0-next.1 - 4.20260518.0",
      "nodes": [
        "node_modules/miniflare"
      ],
      "fixAvailable": {
        "name": "wrangler",
        "version": "4.149.0",
        "isSemVerMajor": true
      }
    },
    "sharp": {
      "name": "sharp",
      "severity": "high",
      "isDirect": false,
      "via": [
        {
          "source": 1124066,
          "name": "sharp",
          "dependency": "sharp",
          "title": "sharp inherited vulnerabilities in libvips: CVE-2026-33327, CVE-2026-33328, CVE-2026-35590, CVE-2026-35591",
          "url": "https://github.com/advisories/GHSA-f88m-g3jw-g9cj",
          "severity": "high",
          "cwe": [
            "CWE-1395"
          ],
          "cvss": {
            "score": 0,
            "vectorString": null
          },
          "range": "<0.35.0"
        },
        {
          "source": 1193725,
          "name": "sharp",
          "dependency": "sharp",
          "title": "sharp: Vulnerabilities in libheif: GHSA-g89c-p67h-r497 and GHSA-2jg2-4ch7-h545",
          "url": "https://github.com/advisories/GHSA-rgj7-g3m4-5g8c",
          "severity": "high",
          "cwe": [
            "CWE-122"
          ],
          "cvss": {
            "score": 0,
            "vectorString": null
          },
          "range": "<0.35.4"
        },
        {
          "source": 1241331,
          "name": "sharp",
          "dependency": "sharp",
          "title": "sharp : Vulnerability in librsvg dependency CVE-2026-96889",
          "url": "https://github.com/advisories/GHSA-wq5f-xc86-pv6w",
          "severity": "high",
          "cwe": [
            "CWE-416",
            "CWE-1395"
          ],
          "cvss": {
            "score": 0,
            "vectorString": null
          },
          "range": "<0.35.5"
        }
      ],
      "effects": [
        "wrangler"
      ],
      "range": "<=0.35.5-rc.1",
      "nodes": [
        "node_modules/sharp"
      ],
      "fixAvailable": {
        "name": "wrangler",
        "version": "4.149.0",
        "isSemVerMajor": true
      }
    },
    "undici": {
      "name": "undici",
      "severity": "high",
      "isDirect": false,
      "via": [
        "@fastify/busboy",
        {
          "source": 1112496,
          "name": "undici",
          "dependency": "undici",
          "title": "Undici has an unbounded decompression chain in HTTP responses on Node.js Fetch API via Content-Encoding leads to resource exhaustion",
          "url": "https://github.com/advisories/GHSA-g9mf-h72j-4rw9",
          "severity": "moderate",
          "cwe": [
            "CWE-770"
          ],
          "cvss": {
            "score": 5.9,
            "vectorString": "CVSS:3.1/AV:N/AC:H/PR:N/UI:N/S:U/C:N/I:N/A:H"
          },
          "range": "<6.23.0"
        },
        {
          "source": 1114594,
          "name": "undici",
          "dependency": "undici",
          "title": "Undici has an HTTP Request/Response Smuggling issue",
          "url": "https://github.com/advisories/GHSA-2mjp-6q6p-2qxm",
          "severity": "moderate",
          "cwe": [
            "CWE-444"
          ],
          "cvss": {
            "score": 6.5,
            "vectorString": "CVSS:3.1/AV:N/AC:L/PR:N/UI:N/S:U/C:N/I:L/A:L"
          },
          "range": "<6.24.0"
        },
        {
          "source": 1114638,
          "name": "undici",
          "dependency": "undici",
          "title": "Undici has Unbounded Memory Consumption in WebSocket permessage-deflate Decompression",
          "url": "https://github.com/advisories/GHSA-vrm6-8vpv-qv8q",
          "severity": "high",
          "cwe": [
            "CWE-409"
          ],
          "cvss": {
            "score": 7.5,
            "vectorString": "CVSS:3.1/AV:N/AC:L/PR:N/UI:N/S:U/C:N/I:N/A:H"
          },
          "range": "<6.24.0"
        },
        {
          "source": 1114640,
          "name": "undici",
          "dependency": "undici",
          "title": "Undici has Unhandled Exception in WebSocket Client Due to Invalid server_max_window_bits Validation",
          "url": "https://github.com/advisories/GHSA-v9p9-hfj2-hcw8",
          "severity": "high",
          "cwe": [
            "CWE-248"
          ],
          "cvss": {
            "score": 7.5,
            "vectorString": "CVSS:3.1/AV:N/AC:L/PR:N/UI:N/S:U/C:N/I:N/A:H"
          },
          "range": "<6.24.0"
        },
        {
          "source": 1114642,
          "name": "undici",
          "dependency": "undici",
          "title": "Undici has CRLF Injection in undici via `upgrade` option",
          "url": "https://github.com/advisories/GHSA-4992-7rv2-5pvq",
          "severity": "moderate",
          "cwe": [
            "CWE-93"
          ],
          "cvss": {
            "score": 4.6,
            "vectorString": "CVSS:3.1/AV:N/AC:L/PR:L/UI:R/S:U/C:L/I:L/A:N"
          },
          "range": "<6.24.0"
        },
        {
          "source": 1121242,
          "name": "undici",
          "dependency": "undici",
          "title": "undici vulnerable to HTTP header injection via Set-Cookie percent-decoding",
          "url": "https://github.com/advisories/GHSA-p88m-4jfj-68fv",
          "severity": "moderate",
          "cwe": [
            "CWE-93"
          ],
          "cvss": {
            "score": 5.9,
            "vectorString": "CVSS:3.1/AV:N/AC:H/PR:N/UI:N/S:U/C:N/I:H/A:N"
          },
          "range": "<6.27.0"
        },
        {
          "source": 1121245,
          "name": "undici",
          "dependency": "undici",
          "title": "undici WebSocket client vulnerable to denial of service via fragment count bypass",
          "url": "https://github.com/advisories/GHSA-vxpw-j846-p89q",
          "severity": "high",
          "cwe": [
            "CWE-400",
            "CWE-770"
          ],
          "cvss": {
            "score": 7.5,
            "vectorString": "CVSS:3.1/AV:N/AC:L/PR:N/UI:N/S:U/C:N/I:N/A:H"
          },
          "range": "<6.27.0"
        },
        {
          "source": 1121255,
          "name": "undici",
          "dependency": "undici",
          "title": "undici vulnerable to Set-Cookie SameSite attribute downgrade via permissive substring matching",
          "url": "https://github.com/advisories/GHSA-g8m3-5g58-fq7m",
          "severity": "low",
          "cwe": [
            "CWE-183"
          ],
          "cvss": {
            "score": 3.7,
            "vectorString": "CVSS:3.1/AV:N/AC:H/PR:N/UI:N/S:U/C:N/I:L/A:N"
          },
          "range": "<6.27.0"
        },
        {
          "source": 1130716,
          "name": "undici",
          "dependency": "undici",
          "title": "undici vulnerable to downstream response desynchronization via retry interceptor",
          "url": "https://github.com/advisories/GHSA-8xcm-r25x-g524",
          "severity": "moderate",
          "cwe": [
            "CWE-444"
          ],
          "cvss": {
            "score": 4.8,
            "vectorString": "CVSS:3.1/AV:N/AC:H/PR:N/UI:N/S:U/C:L/I:L/A:N"
          },
          "range": "<6.28.0"
        },
        {
          "source": 1130727,
          "name": "undici",
          "dependency": "undici",
          "title": "undici vulnerable to CRLF Injection via blob-like body 'type' property",
          "url": "https://github.com/advisories/GHSA-m8rv-5g2x-5cg5",
          "severity": "moderate",
          "cwe": [
            "CWE-93"
          ],
          "cvss": {
            "score": 4.2,
            "vectorString": "CVSS:3.1/AV:N/AC:H/PR:N/UI:R/S:U/C:L/I:L/A:N"
          },
          "range": "<6.28.0"
        },
        {
          "source": 1130732,
          "name": "undici",
          "dependency": "undici",
          "title": "undici vulnerable to cookie attribute injection via unsanitized domain and unparsed setCookie fields",
          "url": "https://github.com/advisories/GHSA-v3r7-h72x-cjcm",
          "severity": "moderate",
          "cwe": [
            "CWE-74"
          ],
          "cvss": {
            "score": 4.8,
            "vectorString": "CVSS:3.1/AV:N/AC:H/PR:N/UI:N/S:U/C:L/I:L/A:N"
          },
          "range": "<6.28.0"
        },
        {
          "source": 1137243,
          "name": "undici",
          "dependency": "undici",
          "title": "undici vulnerable to HTTP response queue poisoning via keep-alive socket reuse",
          "url": "https://github.com/advisories/GHSA-35p6-xmwp-9g52",
          "severity": "low",
          "cwe": [
            "CWE-367"
          ],
          "cvss": {
            "score": 3.7,
            "vectorString": "CVSS:3.1/AV:N/AC:H/PR:N/UI:N/S:U/C:N/I:L/A:N"
          },
          "range": "<6.27.0"
        },
        {
          "source": 1240039,
          "name": "undici",
          "dependency": "undici",
          "title": "undici vulnerable to downstream response splitting via retry interceptor",
          "url": "https://github.com/advisories/GHSA-r53p-7pc4-xj5r",
          "severity": "low",
          "cwe": [
            "CWE-444"
          ],
          "cvss": {
            "score": 3.7,
            "vectorString": "CVSS:3.1/AV:N/AC:H/PR:N/UI:N/S:U/C:N/I:L/A:N"
          },
          "range": "<6.28.1"
        }
      ],
      "effects": [
        "miniflare"
      ],
      "range": "<=6.28.0",
      "nodes": [
        "node_modules/undici"
      ],
      "fixAvailable": {
        "name": "wrangler",
        "version": "4.149.0",
        "isSemVerMajor": true
      }
    },
    "wrangler": {
      "name": "wrangler",
      "severity": "high",
      "isDirect": true,
      "via": [
        "esbuild",
        "miniflare",
        "sharp"
      ],
      "effects": [],
      "range": "<=4.24.3",
      "nodes": [
        "node_modules/wrangler"
      ],
      "fixAvailable": {
        "name": "wrangler",
        "version": "4.149.0",
        "isSemVerMajor": true
      }
    },
    "ws": {
      "name": "ws",
      "severity": "high",
      "isDirect": false,
      "via": [
        {
          "source": 1119108,
          "name": "ws",
          "dependency": "ws",
          "title": "ws: Uninitialized memory disclosure",
          "url": "https://github.com/advisories/GHSA-58qx-3vcg-4xpx",
          "severity": "moderate",
          "cwe": [
            "CWE-908"
          ],
          "cvss": {
            "score": 4.4,
            "vectorString": "CVSS:3.1/AV:N/AC:H/PR:H/UI:N/S:U/C:H/I:N/A:N"
          },
          "range": ">=8.0.0 <8.20.1"
        },
        {
          "source": 1123259,
          "name": "ws",
          "dependency": "ws",
          "title": "ws: Memory exhaustion DoS from tiny fragments and data chunks",
          "url": "https://github.com/advisories/GHSA-96hv-2xvq-fx4p",
          "severity": "high",
          "cwe": [
            "CWE-400",
            "CWE-770",
            "CWE-1050"
          ],
          "cvss": {
            "score": 7.5,
            "vectorString": "CVSS:3.1/AV:N/AC:L/PR:N/UI:N/S:U/C:N/I:N/A:H"
          },
          "range": ">=8.0.0 <8.21.0"
        }
      ],
      "effects": [
        "miniflare"
      ],
      "range": "8.0.0 - 8.20.1",
      "nodes": [
        "node_modules/ws"
      ],
      "fixAvailable": {
        "name": "wrangler",
        "version": "4.149.0",
        "isSemVerMajor": true
      }
    }
  },
  "metadata": {
    "vulnerabilities": {
      "info": 0,
      "low": 0,
      "moderate": 2,
      "high": 5,
      "critical": 0,
      "total": 7
    },
    "dependencies": {
      "prod": 1,
      "dev": 106,
      "optional": 58,
      "peer": 0,
      "peerOptional": 0,
      "total": 106
    }
  }
}
EXIT: 1
SECONDS: 2.3267469
END: 2026-10-09T20:34:05.7320614+04:00
