COMMAND: npm ci
START: 2026-10-09T20:33:50.8497349+04:00
CWD: E:\My Projects\Rafiq-Al-Darb\sync_backend
npm warn deprecated rollup-plugin-inject@3.0.2: This package has been deprecated and is no longer maintained. Please use @rollup/plugin-inject.
npm warn deprecated sourcemap-codec@1.4.8: Please use @jridgewell/sourcemap-codec instead

added 60 packages, and audited 61 packages in 7s

5 packages are looking for funding
  run `npm fund` for details

7 vulnerabilities (2 moderate, 5 high)

To address all issues (including breaking changes), run:
  npm audit fix --force

Run `npm audit` for details.
npm warn install-scripts 3 packages have install scripts not yet covered by allowScripts:
npm warn install-scripts   esbuild@0.17.19 (postinstall: node install.js)
npm warn install-scripts   sharp@0.33.5 (install: node install/check)
npm warn install-scripts   workerd@1.20250718.0 (postinstall: node install.js)
npm warn install-scripts
npm warn install-scripts Run `npm install-scripts ls` to review, or `npm install-scripts approve <pkg>` to allow.
EXIT: 0
SECONDS: 7.4803373
END: 2026-10-09T20:33:58.3303283+04:00
